0 verbose cli /Users/oktanefecakar/.nvm/versions/node/v20.20.2/bin/node /Users/oktanefecakar/.nvm/versions/node/v20.20.2/bin/npm
1 info using npm@10.8.2
2 info using node@v20.20.2
3 silly config load:file:/Users/oktanefecakar/.nvm/versions/node/v20.20.2/lib/node_modules/npm/npmrc
4 silly config load:file:/Users/oktanefecakar/zirvekizyurdu/.npmrc
5 silly config load:file:/Users/oktanefecakar/.npmrc
6 silly config load:file:/Users/oktanefecakar/.nvm/versions/node/v20.20.2/etc/npmrc
7 verbose title npm install lucide-react@^0.257.0
8 verbose argv "install" "lucide-react@^0.257.0" "--cache" "./.npm-cache" "--no-audit" "--no-fund"
9 verbose logfile logs-max:10 dir:/Users/oktanefecakar/zirvekizyurdu/.npm-cache/_logs/2026-08-09T14_41_33_955Z-
10 verbose logfile /Users/oktanefecakar/zirvekizyurdu/.npm-cache/_logs/2026-08-09T14_41_33_955Z-debug-0.log
11 silly packumentCache heap:4345298944 maxSize:1086324736 maxEntrySize:543162368
12 silly logfile done cleaning log files
13 silly idealTree buildDeps
14 silly fetch manifest lucide-react@^0.257.0
15 silly packumentCache full:https://registry.npmjs.org/lucide-react cache-miss
16 http fetch GET 200 https://registry.npmjs.org/lucide-react 167ms (cache miss)
17 silly packumentCache full:https://registry.npmjs.org/lucide-react set size:undefined disposed:false
18 silly fetch manifest react@19.2.8
19 silly packumentCache full:https://registry.npmjs.org/react cache-miss
20 http fetch GET 200 https://registry.npmjs.org/npm 296ms
21 http fetch GET 200 https://registry.npmjs.org/react 262ms (cache miss)
22 silly packumentCache full:https://registry.npmjs.org/react set size:undefined disposed:false
23 silly fetch manifest react@^16.5.1 || ^17.0.0 || ^18.0.0
24 silly packumentCache full:https://registry.npmjs.org/react cache-miss
25 http fetch GET 200 https://registry.npmjs.org/react 8ms (cache hit)
26 silly packumentCache full:https://registry.npmjs.org/react set size:6873639 disposed:false
27 verbose stack Error: unable to resolve dependency tree
27 verbose stack     at #failPeerConflict (/Users/oktanefecakar/.nvm/versions/node/v20.20.2/lib/node_modules/npm/node_modules/@npmcli/arborist/lib/arborist/build-ideal-tree.js:1360:25)
27 verbose stack     at #loadPeerSet (/Users/oktanefecakar/.nvm/versions/node/v20.20.2/lib/node_modules/npm/node_modules/@npmcli/arborist/lib/arborist/build-ideal-tree.js:1326:33)
27 verbose stack     at async #buildDepStep (/Users/oktanefecakar/.nvm/versions/node/v20.20.2/lib/node_modules/npm/node_modules/@npmcli/arborist/lib/arborist/build-ideal-tree.js:901:11)
27 verbose stack     at async Arborist.buildIdealTree (/Users/oktanefecakar/.nvm/versions/node/v20.20.2/lib/node_modules/npm/node_modules/@npmcli/arborist/lib/arborist/build-ideal-tree.js:181:7)
27 verbose stack     at async Promise.all (index 1)
27 verbose stack     at async Arborist.reify (/Users/oktanefecakar/.nvm/versions/node/v20.20.2/lib/node_modules/npm/node_modules/@npmcli/arborist/lib/arborist/reify.js:131:5)
27 verbose stack     at async Install.exec (/Users/oktanefecakar/.nvm/versions/node/v20.20.2/lib/node_modules/npm/lib/commands/install.js:150:5)
27 verbose stack     at async Npm.exec (/Users/oktanefecakar/.nvm/versions/node/v20.20.2/lib/node_modules/npm/lib/npm.js:207:9)
27 verbose stack     at async module.exports (/Users/oktanefecakar/.nvm/versions/node/v20.20.2/lib/node_modules/npm/lib/cli/entry.js:74:5)
28 error code ERESOLVE
29 error ERESOLVE unable to resolve dependency tree
30 error
31 error While resolving: zirvekizyurdu@0.1.0
31 error Found: react@19.2.8[2m[22m
31 error [2mnode_modules/react[22m
31 error   react@"19.2.8" from the root project
31 error
31 error Could not resolve dependency:
31 error [95mpeer[39m react@"^16.5.1 || ^17.0.0 || ^18.0.0" from lucide-react@0.257.0[2m[22m
31 error [2mnode_modules/lucide-react[22m
31 error   lucide-react@"^0.257.0" from the root project
31 error
31 error Fix the upstream dependency conflict, or retry
31 error this command with --force or --legacy-peer-deps
31 error to accept an incorrect (and potentially broken) dependency resolution.
32 error
32 error
32 error For a full report see:
32 error /Users/oktanefecakar/zirvekizyurdu/.npm-cache/_logs/2026-08-09T14_41_33_955Z-eresolve-report.txt
33 silly unfinished npm timer reify 1786286494143
34 silly unfinished npm timer reify:loadTrees 1786286494167
35 silly unfinished npm timer idealTree:buildDeps 1786286494227
36 silly unfinished npm timer idealTree:#root 1786286494227
37 verbose cwd /Users/oktanefecakar/zirvekizyurdu
38 verbose os Darwin 25.3.0
39 verbose node v20.20.2
40 verbose npm  v10.8.2
41 notice
41 notice New [31mmajor[39m version of npm available! [31m10.8.2[39m -> [34m12.0.2[39m
41 notice Changelog: [34mhttps://github.com/npm/cli/releases/tag/v12.0.2[39m
41 notice To update run: [4mnpm install -g npm@12.0.2[24m
41 notice  { force: true, [Symbol(proc-log.meta)]: true }
42 verbose exit 1
43 verbose code 1
44 error A complete log of this run can be found in: /Users/oktanefecakar/zirvekizyurdu/.npm-cache/_logs/2026-08-09T14_41_33_955Z-debug-0.log
